
[1m[46m RUN [49m[22m [36mv4.0.18 [39m[90mD:/Projects/gov-mcp/contractor-app[39m

 [31mΓ¥»[39m __tests__/ham.test.ts [2m([22m[2m25 tests[22m[2m | [22m[31m1 failed[39m[2m)[22m[32m 39[2mms[22m[39m
       [32mΓ£ô[39m should have correct weights[32m 4[2mms[22m[39m
       [32mΓ£ô[39m should calculate PIM = 1.20 with IJCRT benchmark values[32m 1[2mms[22m[39m
       [32mΓ£ô[39m should calculate correct escalation with real indices[32m 1[2mms[22m[39m
       [32mΓ£ô[39m should return zero escalation for zero work value[32m 1[2mms[22m[39m
       [32mΓ£ô[39m should correctly handle de-escalation (PIM < 1.0)[32m 1[2mms[22m[39m
       [32mΓ£ô[39m should throw error for negative work value[32m 2[2mms[22m[39m
       [32mΓ£ô[39m should throw error for zero or negative indices[32m 1[2mms[22m[39m
       [32mΓ£ô[39m should provide correct weighted breakdown[32m 1[2mms[22m[39m
       [32mΓ£ô[39m should handle very large work values (Γé╣1000 crore)[32m 1[2mms[22m[39m
       [32mΓ£ô[39m should handle very small work values (Γé╣1)[32m 1[2mms[22m[39m
       [32mΓ£ô[39m should handle fractional paise values[32m 0[2mms[22m[39m
       [32mΓ£ô[39m should handle identical base and current indices (no change)[32m 0[2mms[22m[39m
       [32mΓ£ô[39m should handle very high inflation scenario (50% increase)[32m 0[2mms[22m[39m
       [32mΓ£ô[39m should handle severe deflation scenario (30% decrease)[32m 0[2mms[22m[39m
       [32mΓ£ô[39m should maintain precision with repeating decimals[32m 0[2mms[22m[39m
       [32mΓ£ô[39m should handle very small index differences[32m 0[2mms[22m[39m
       [32mΓ£ô[39m should not produce NaN or Infinity[32m 0[2mms[22m[39m
       [32mΓ£ô[39m should handle WPI increasing while CPI decreasing[32m 0[2mms[22m[39m
       [32mΓ£ô[39m should handle CPI increasing while WPI decreasing[32m 1[2mms[22m[39m
       [32mΓ£ô[39m should weight WPI more heavily (70%)[32m 1[2mms[22m[39m
       [32mΓ£ô[39m should calculate for earliest possible date (Jan 2015)[32m 1[2mms[22m[39m
       [32mΓ£ô[39m should handle December to January transition[32m 0[2mms[22m[39m
       [32mΓ£ô[39m should handle 1-month old contract (minimal change)[32m 1[2mms[22m[39m
[31m       [31m├ù[31m should handle multi-year contract (significant change)[39m[32m 13[2mms[22m[39m
       [32mΓ£ô[39m should handle typical RA bill amount (Γé╣87.45 lakh)[32m 1[2mms[22m[39m
node.exe : 
At C:\Program 
Files\nodejs\npx.ps1:29 
char:3
+   & $NODE_EXE 
$NPX_CLI_JS $args
+   ~~~~~~~~~~~~~~~~~~~~~~
~~~~~~~
    + CategoryInfo        
      : NotSpecified: (:  
  String) [], RemoteExc   
 eption
    + FullyQualifiedError 
   Id : NativeCommandErr  
  or
 
[31mΓÄ»ΓÄ»ΓÄ»ΓÄ»ΓÄ»ΓÄ»ΓÄ»
[39m[1m[41m Failed 
Tests 1 [49m[22m[31mΓÄ»
ΓÄ»ΓÄ»ΓÄ»ΓÄ»ΓÄ»ΓÄ»[39m

[41m[1m FAIL [22m[49m 
__tests__/ham.test.ts[2m 
> [22mHAM Formula[2m > 
[22mStress Tests - Real 
Contract Scenarios[2m > 
[22mshould handle 
multi-year contract 
(significant change)
[31m[1mAssertionError[2
2m: expected 0.8522 to be 
greater than 1[39m
[36m [2mΓ¥»[22m __tests
__/ham.test.ts:[2m385:32
[22m[39m
    [90m383| [39m
    [90m384| [39m       
     [90m// Significant 
escalation expected[39m
    [90m385| [39m       
     [34mexpect[39m(resu
lt[33m.[39mpim)[33m.[3
9m[34mtoBeGreaterThan[39
m([34m1.0[39m)[33m;[39
m
    [90m   | [39m       
                        
[31m^[39m
    [90m386| [39m       
     expect(Number.isFinit
e(result.escalationAmount)
).toBe(trueΓÇª
    [90m387| [39m       
 })[33m;[39m

[31m[2mΓÄ»ΓÄ»ΓÄ»ΓÄ»ΓÄ»ΓÄ
»ΓÄ»ΓÄ»ΓÄ»ΓÄ»ΓÄ»ΓÄ»ΓÄ»ΓÄ»Γ
Ä»ΓÄ»ΓÄ»ΓÄ»ΓÄ»ΓÄ»ΓÄ»ΓÄ»ΓÄ»
ΓÄ»[1/1]ΓÄ»[22m[39m


[2m Test Files [22m [1m[31m1 failed[39m[22m[90m (1)[39m
[2m      Tests [22m [1m[31m1 failed[39m[22m[2m | [22m[1m[32m24 passed[39m[22m[90m (25)[39m
[2m   Start at [22m 00:28:13
[2m   Duration [22m 582ms[2m (transform 145ms, setup 0ms, import 196ms, tests 39ms, environment 0ms)[22m

